// Jest Snapshot v1, https://goo.gl/fbAQLP

exports[`should allow the user to log in 1`] = `
<div>
  <h3>
    You must log in to view the page at 
    /
  </h3>
  <form
    class="loginForm"
  >
    <label>
      Email
    </label>
    <input
      aria-label="Email"
      id="email"
      name="email"
      type="email"
    />
    <label>
      Password
    </label>
    <input
      aria-label="Password"
      id="password"
      name="password"
      type="password"
    />
    <button
      aria-label="Sign In"
      type="submit"
    >
      Sign in
    </button>
  </form>
</div>
`;
